== 清理残留进程 ==
== 启动 session_node + unit_manager + edge_gateway（stage-delay=20ms）==
== 各进程启动日志 ==
session_node 监听 tcp://127.0.0.1:19210（知识库 data/knowledge/knowledge.jsonl，direct=5 context=1 top-k=2，队列 8/32）
--- manager.log ---
unit_manager 监听 tcp://127.0.0.1:19100，节点 1 个
== setup：分配会话 work_id ==
setup -> w-0
== 四类路由 ==
-- L0 紧急控制：停止播放
route=l0 status=ok final_text=已停止当前播放，随时待命
  pcm_frames=50 token_count=0 wav=/tmp/voxorchestra-session/session_dafab474.wav
-- L1 事实直答：16kHz 音频格式
route=l1 status=ok final_text=VoxOrchestra 音频格式统一为 16kHz 单声道 16-bit PCM，帧长 20 毫秒
  pcm_frames=50 token_count=0 wav=/tmp/voxorchestra-session/session_dbfab607.wav
-- L2 复杂带上下文：生成过滤怎么实现
route=l2 status=ok final_text=- VoxOrchestra 的 Backend 是可替换实现，Fake 用于测试协议与编排，真实模型在板卡阶段接入 - VoxOrchestra 的 Node Runtime 统一处理 setup、推理、取消、查询与退出等任务生命周期 生成过滤怎么实现 请依据上面的参考知识回答，不要编造参考知识之外的内容。
  pcm_frames=50 token_count=15 wav=/tmp/voxorchestra-session/session_dcfab79a.wav
-- L3 闲聊：你好 今天天气怎么样
route=l3 status=ok final_text=你好 今天天气怎么样
  pcm_frames=50 token_count=2 wav=/tmp/voxorchestra-session/session_ddfab92d.wav
== 固定 WAV 完整链路（data/fixtures/voice.wav → Fake ASR → ... → WAV）==
-- WAV 输入
route=l1 status=ok final_text=VoxOrchestra 音频格式统一为 16kHz 单声道 16-bit PCM，帧长 20 毫秒
  pcm_frames=50 token_count=0 wav=/tmp/voxorchestra-session/session_377421f6.wav
== 取消传播 ==
（取消传播通过 session_node 直连与管线单测验证，见上文说明）
== 任务统计（taskinfo）==
-- 重新直答一次供 taskinfo 展示
route=l1 status=ok final_text=VoxOrchestra 音频格式统一为 16kHz 单声道 16-bit PCM，帧长 20 毫秒
  pcm_frames=50 token_count=0 wav=/tmp/voxorchestra-session/session_4063a984.wav
== taskinfo：会话状态与队列统计 ==
state=idle busy=False route=l1
text_queue_peak=1 pcm_queue_peak=3 dropped_sentences=0
== 输出文件（可拷到 Windows 播放）==
注意：Fake TTS 产出的是 500Hz 测试音（验证 PCM 链路正确性），
实际内容见上方各请求的 final_text；真实语音在 Day 11 接入 SummerTTS。
-rw-r--r-- 1 caden caden 32044 Aug  1 22:03 /tmp/voxorchestra-session/session_377421f6.wav
-rw-r--r-- 1 caden caden 32044 Aug  1 22:03 /tmp/voxorchestra-session/session_4063a984.wav
-rw-r--r-- 1 caden caden 32044 Aug  1 22:03 /tmp/voxorchestra-session/session_dafab474.wav
-rw-r--r-- 1 caden caden 32044 Aug  1 22:03 /tmp/voxorchestra-session/session_dbfab607.wav
-rw-r--r-- 1 caden caden 32044 Aug  1 22:03 /tmp/voxorchestra-session/session_dcfab79a.wav
== SIGTERM 优雅退出 ==
三进程全部退出
